Code log